[nayonacademy.com/html/saasox/index.html]
[nayonacademy.com/html/saasox/assets/img/favicon.png]
[backblue.gif]
[fade.gif]
[index.html]
[nayonacademy.com/html/saasox/assets/css/bootstrap.min.css]
[nayonacademy.com/html/saasox/assets/css/fontawesome.min.css]
[nayonacademy.com/html/saasox/assets/css/animate.css]
[nayonacademy.com/html/saasox/assets/css/odometer.css]
[nayonacademy.com/html/saasox/assets/css/slick.min.css]
[nayonacademy.com/html/saasox/assets/css/style.css]
[nayonacademy.com/html/saasox/index-2.html]
[nayonacademy.com/html/saasox/assets/img/logo-2.svg]
[nayonacademy.com/html/saasox/home-v2.html]
[nayonacademy.com/html/saasox/home-v3.html]
[nayonacademy.com/html/saasox/about-us.html]
[nayonacademy.com/html/saasox/services.html]
[nayonacademy.com/html/saasox/service-details.html]
[nayonacademy.com/html/saasox/team.html]
[nayonacademy.com/html/saasox/team-details.html]
[nayonacademy.com/html/saasox/projects.html]
[nayonacademy.com/html/saasox/project-details.html]
[nayonacademy.com/html/saasox/pricing.html]
[nayonacademy.com/html/saasox/integrations.html]
[nayonacademy.com/html/saasox/faqs.html]
[nayonacademy.com/html/saasox/error.html]
[nayonacademy.com/html/saasox/blog.html]
[nayonacademy.com/html/saasox/blog-standard.html]
[nayonacademy.com/html/saasox/blog-details.html]
[nayonacademy.com/html/saasox/contact.html]
[nayonacademy.com/html/saasox/assets/img/hero-img-2.png]
[nayonacademy.com/html/saasox/assets/img/icons/star-1.svg]
[nayonacademy.com/html/saasox/assets/img/rectangle-shape.svg]
[nayonacademy.com/html/saasox/assets/img/dna-shape.png]
[nayonacademy.com/html/saasox/assets/img/spring-shape-3.svg]
[nayonacademy.com/html/saasox/assets/img/icons/star-4.svg]
[nayonacademy.com/html/saasox/assets/img/brand-11.svg]
[nayonacademy.com/html/saasox/assets/img/brand-12.svg]
[nayonacademy.com/html/saasox/assets/img/brand-13.svg]
[nayonacademy.com/html/saasox/assets/img/brand-14.svg]
[nayonacademy.com/html/saasox/assets/img/brand-15.svg]
[nayonacademy.com/html/saasox/assets/img/hero-bg-3.svg]
[nayonacademy.com/html/saasox/assets/img/service-shape-1.svg]
[nayonacademy.com/html/saasox/assets/img/service-shape-2.svg]
[nayonacademy.com/html/saasox/assets/img/dashboard-2.png]
[nayonacademy.com/html/saasox/assets/img/customers-group.png]
[nayonacademy.com/html/saasox/assets/img/rating-logo-1.svg]
[nayonacademy.com/html/saasox/assets/img/rating-logo-2.svg]
[nayonacademy.com/html/saasox/assets/img/rating-logo-3.svg]
[nayonacademy.com/html/saasox/assets/img/rating-bg-1.svg]
[nayonacademy.com/html/saasox/assets/img/tablet-mockup.png]
[nayonacademy.com/html/saasox/assets/img/icons/safety.svg]
[nayonacademy.com/html/saasox/assets/img/icons/analytics-2.svg]
[nayonacademy.com/html/saasox/assets/img/icons/automation.svg]
[nayonacademy.com/html/saasox/assets/img/icons/easy-intinsive.svg]
[nayonacademy.com/html/saasox/assets/img/vector-11.svg]
[nayonacademy.com/html/saasox/assets/img/icons/html-5.svg]
[nayonacademy.com/html/saasox/assets/img/icons/js.svg]
[nayonacademy.com/html/saasox/assets/img/icons/nextjs.svg]
[nayonacademy.com/html/saasox/assets/img/icons/sass.svg]
[nayonacademy.com/html/saasox/assets/img/icons/dropbox.svg]
[nayonacademy.com/html/saasox/assets/img/icons/slack.svg]
[nayonacademy.com/html/saasox/assets/img/icons/css-3.svg]
[nayonacademy.com/html/saasox/assets/img/icons/mailchip.svg]
[nayonacademy.com/html/saasox/assets/img/icons/typescript.svg]
[nayonacademy.com/html/saasox/assets/img/icons/reactjs.svg]
[nayonacademy.com/html/saasox/assets/img/testimonial-bg-1.svg]
[nayonacademy.com/html/saasox/assets/img/human-2.png]
[nayonacademy.com/html/saasox/assets/img/icons/qote-2.svg]
[nayonacademy.com/html/saasox/assets/img/pricing-bg-1.svg]
[nayonacademy.com/html/saasox/yearly]
[nayonacademy.com/html/saasox/monthly]
[nayonacademy.com/html/saasox/assets/img/vector-12.svg]
[nayonacademy.com/html/saasox/assets/img/vector-13.svg]
[nayonacademy.com/html/saasox/assets/img/vector-14.svg]
[nayonacademy.com/html/saasox/assets/img/vector-15.svg]
[nayonacademy.com/html/saasox/assets/img/post-img-7.jpg]
[nayonacademy.com/html/saasox/assets/img/post-img-8.jpg]
[nayonacademy.com/html/saasox/assets/img/post-img-9.jpg]
[nayonacademy.com/html/saasox/assets/img/footer-bg-3.svg]
[nayonacademy.com/html/saasox/assets/js/jquery.min.js]
[nayonacademy.com/html/saasox/assets/js/wow.min.js]
[nayonacademy.com/html/saasox/assets/js/jquery.slick.min.js]
[nayonacademy.com/html/saasox/assets/js/isotope.pkgd.min.js]
[nayonacademy.com/html/saasox/assets/js/odometer.js]
[nayonacademy.com/html/saasox/assets/js/main.js]
[nayonacademy.com/html/saasox/index.html]
[nayonacademy.com/html/saasox/assets/css/bootstrap.min.css]
[nayonacademy.com/html/saasox/assets/fonts/fa-brands-400.woff2]
[nayonacademy.com/html/saasox/assets/fonts/fa-brands-400.ttf]
[nayonacademy.com/html/saasox/assets/fonts/fa-regular-400.woff2]
[nayonacademy.com/html/saasox/assets/fonts/fa-regular-400.ttf]
[nayonacademy.com/html/saasox/assets/fonts/fa-solid-900.woff2]
[nayonacademy.com/html/saasox/assets/fonts/fa-v4compatibility.woff2]
[nayonacademy.com/html/saasox/assets/fonts/fa-solid-900.ttf]
[nayonacademy.com/html/saasox/assets/css/fontawesome.min.css]
[nayonacademy.com/html/saasox/assets/css/animate.css]
[nayonacademy.com/html/saasox/assets/css/odometer.css]
[nayonacademy.com/html/saasox/assets/css/slick.min.css]
[nayonacademy.com/html/saasox/assets/fonts/fa-v4compatibility.ttf]
[nayonacademy.com/html/saasox/assets/fonts/Sora/Sora-VariableFont_wght.ttf]
[nayonacademy.com/html/saasox/assets/img/drag.png]
[nayonacademy.com/html/saasox/assets/fonts/DM_Sans/DMSans-VariableFont_opsz,wght.ttf]
[nayonacademy.com/html/saasox/assets/img/icons/arrow-left.svg]
[nayonacademy.com/html/saasox/assets/css/style.css]
[nayonacademy.com/html/saasox/index-2.html]
[nayonacademy.com/html/saasox/assets/img/logo-2.svg]
[nayonacademy.com/html/saasox/assets/img/header-shape-2.svg]
[nayonacademy.com/html/saasox/assets/img/logo.svg]
[nayonacademy.com/html/saasox/assets/img/hero-bg-2.jpg]
[nayonacademy.com/html/saasox/assets/img/hero-shape-1.svg]
[nayonacademy.com/html/saasox/assets/img/hero-shape-2.svg]
[nayonacademy.com/html/saasox/assets/img/banner-img-1.png]
[nayonacademy.com/html/saasox/assets/img/phone-img-1.png]
[nayonacademy.com/html/saasox/assets/img/brand-6.svg]
[nayonacademy.com/html/saasox/assets/img/brand-7.svg]
[nayonacademy.com/html/saasox/assets/img/brand-8.svg]
[nayonacademy.com/html/saasox/assets/img/brand-9.svg]
[nayonacademy.com/html/saasox/assets/img/brand-10.svg]
[nayonacademy.com/html/saasox/assets/img/brand-1.svg]
[nayonacademy.com/html/saasox/assets/img/icons/code-icon.svg]
[nayonacademy.com/html/saasox/assets/img/icons/caret-icon.svg]
[nayonacademy.com/html/saasox/assets/img/icons/cloud-computing.svg]
[nayonacademy.com/html/saasox/assets/img/icons/quality-assurance.svg]
[nayonacademy.com/html/saasox/assets/img/icons/security.svg]
[nayonacademy.com/html/saasox/assets/img/3d-shape.png]
[nayonacademy.com/html/saasox/assets/img/feature-item-bg.svg]
[nayonacademy.com/html/saasox/assets/img/spring-shape.png]
[nayonacademy.com/html/saasox/assets/img/human-1.png]
[nayonacademy.com/html/saasox/assets/img/vector-7.svg]
[nayonacademy.com/html/saasox/assets/img/icons/home.svg]
[nayonacademy.com/html/saasox/assets/img/icons/products.svg]
[nayonacademy.com/html/saasox/assets/img/icons/analytics.svg]
[nayonacademy.com/html/saasox/assets/img/star-shape.svg]
[nayonacademy.com/html/saasox/assets/img/dashboard.png]
[nayonacademy.com/html/saasox/assets/img/icons/advanced-tracking.svg]
[nayonacademy.com/html/saasox/assets/img/icons/in-depth.svg]
[nayonacademy.com/html/saasox/assets/img/3d-shape-2.png]
[nayonacademy.com/html/saasox/assets/img/whychoose-bg-1.svg]
[nayonacademy.com/html/saasox/assets/img/phone-img-2.png]
[nayonacademy.com/html/saasox/assets/img/trash-group-2.svg]
[nayonacademy.com/html/saasox/assets/img/vector-8.svg]
[nayonacademy.com/html/saasox/assets/img/vector-9.svg]
[nayonacademy.com/html/saasox/assets/img/counter-bg-2.svg]
[nayonacademy.com/html/saasox/assets/img/video-bg-1.jpg]
[nayonacademy.com/html/saasox/assets/img/vector-10.svg]
[nayonacademy.com/html/saasox/assets/img/customers-group-2.png]
[nayonacademy.com/html/saasox/assets/img/icons/qote.svg]
[nayonacademy.com/html/saasox/assets/img/avatar-5.jpg]
[nayonacademy.com/html/saasox/assets/img/avatar-6.jpg]
[nayonacademy.com/html/saasox/assets/img/icons/linkedin.svg]
[nayonacademy.com/html/saasox/assets/img/icons/hubspot.svg]
[nayonacademy.com/html/saasox/assets/img/icons/whatsapp.svg]
[nayonacademy.com/html/saasox/assets/img/icons/discord.svg]
[nayonacademy.com/html/saasox/assets/img/icons/zoom.svg]
[nayonacademy.com/html/saasox/assets/img/icons/github.svg]
[nayonacademy.com/html/saasox/assets/img/icons/shopify.svg]
[nayonacademy.com/html/saasox/assets/img/icons/googledrive.svg]
[nayonacademy.com/html/saasox/assets/img/icons/notion.svg]
[nayonacademy.com/html/saasox/assets/img/post-img-4.jpg]
[nayonacademy.com/html/saasox/assets/img/post-img-5.jpg]
[nayonacademy.com/html/saasox/assets/img/post-img-6.jpg]
[nayonacademy.com/html/saasox/assets/img/post-img-1.jpg]
[nayonacademy.com/html/saasox/home-v2.html]
[nayonacademy.com/html/saasox/assets/img/header-shape.svg]
[nayonacademy.com/html/saasox/assets/img/hero-bg-1.svg]
[nayonacademy.com/html/saasox/assets/img/footer-bg-2.svg]
[nayonacademy.com/html/saasox/assets/img/hero-img-1.png]
[nayonacademy.com/html/saasox/assets/img/about-img-1.png]
[nayonacademy.com/html/saasox/assets/img/about-shape-1.png]
[nayonacademy.com/html/saasox/assets/img/icons/checkbox.svg]
[nayonacademy.com/html/saasox/assets/img/border-shape.png]
[nayonacademy.com/html/saasox/assets/img/about-img-2.png]
[nayonacademy.com/html/saasox/assets/img/vector.svg]
[nayonacademy.com/html/saasox/assets/img/brand-2.svg]
[nayonacademy.com/html/saasox/assets/img/brand-3.svg]
[nayonacademy.com/html/saasox/assets/img/brand-4.svg]
[nayonacademy.com/html/saasox/assets/img/brand-5.svg]
[nayonacademy.com/html/saasox/assets/img/about-img-3.png]
[nayonacademy.com/html/saasox/assets/img/vector-2.svg]
[nayonacademy.com/html/saasox/assets/img/icons/adons.svg]
[nayonacademy.com/html/saasox/assets/img/icons/interface.svg]
[nayonacademy.com/html/saasox/assets/img/icons/fast-easy.svg]
[nayonacademy.com/html/saasox/assets/img/vector-3.svg]
[nayonacademy.com/html/saasox/assets/img/counter-bg-1.svg]
[nayonacademy.com/html/saasox/assets/img/testimonial-shape-1.svg]
[nayonacademy.com/html/saasox/assets/img/avatar-1.jpg]
[nayonacademy.com/html/saasox/assets/img/avatar-2.jpg]
[nayonacademy.com/html/saasox/assets/img/avatar-3.jpg]
[nayonacademy.com/html/saasox/assets/img/avatar-4.jpg]
[nayonacademy.com/html/saasox/assets/img/trash-group.svg]
[nayonacademy.com/html/saasox/assets/img/vector-4.svg]
[nayonacademy.com/html/saasox/assets/img/faq-img-1.png]
[nayonacademy.com/html/saasox/assets/img/icons/free.svg]
[nayonacademy.com/html/saasox/assets/img/vector-5.svg]
[nayonacademy.com/html/saasox/assets/img/pricing-shape-1.svg]
[nayonacademy.com/html/saasox/assets/img/icons/dimond.svg]
[nayonacademy.com/html/saasox/assets/img/icons/crown.svg]
[nayonacademy.com/html/saasox/assets/img/vector-6.svg]
[nayonacademy.com/html/saasox/assets/img/cta-bg-1.svg]
[nayonacademy.com/html/saasox/assets/img/cta-img-1.png]
[nayonacademy.com/html/saasox/assets/img/post-img-2.jpg]
[nayonacademy.com/html/saasox/assets/img/post-img-3.jpg]
[nayonacademy.com/html/saasox/assets/img/footer-bg-1.svg]
[nayonacademy.com/html/saasox/assets/img/icons/mail.svg]
[nayonacademy.com/html/saasox/home-v3.html]
[nayonacademy.com/html/saasox/assets/img/team-img-1.jpg]
[nayonacademy.com/html/saasox/assets/img/team-img-2.jpg]
[nayonacademy.com/html/saasox/assets/img/page-heading-bg.svg]
[nayonacademy.com/html/saasox/assets/img/team-img-3.jpg]
[nayonacademy.com/html/saasox/about-us.html]
[nayonacademy.com/html/saasox/services.html]
[nayonacademy.com/html/saasox/assets/img/service_img-1.jpg]
[nayonacademy.com/html/saasox/assets/img/service_img-2.jpg]
[nayonacademy.com/html/saasox/assets/img/service_img-3.jpg]
[nayonacademy.com/html/saasox/service-details.html]
[nayonacademy.com/html/saasox/assets/img/team-img-4.jpg]
[nayonacademy.com/html/saasox/assets/img/team-img-5.jpg]
[nayonacademy.com/html/saasox/assets/img/team-img-6.jpg]
[nayonacademy.com/html/saasox/team.html]
[nayonacademy.com/html/saasox/assets/img/team-img-7.jpg]
[nayonacademy.com/html/saasox/team-details.html]
[nayonacademy.com/html/saasox/assets/img/project-img-1.jpg]
[nayonacademy.com/html/saasox/assets/img/project-img-2.jpg]
[nayonacademy.com/html/saasox/assets/img/project-img-3.jpg]
[nayonacademy.com/html/saasox/assets/img/project-img-4.jpg]
[nayonacademy.com/html/saasox/assets/img/project-img-5.jpg]
[nayonacademy.com/html/saasox/assets/img/project-img-6.jpg]
[nayonacademy.com/html/saasox/assets/img/project-img-7.jpg]
[nayonacademy.com/html/saasox/assets/img/project-img-8.jpg]
[nayonacademy.com/html/saasox/projects.html]
[nayonacademy.com/html/saasox/assets/img/project-img-9.jpg]
[nayonacademy.com/html/saasox/project-details.html]
[nayonacademy.com/html/saasox/pricing.html]
[nayonacademy.com/html/saasox/integrations.html]
[nayonacademy.com/html/saasox/faqs.html]
[nayonacademy.com/html/saasox/assets/img/404.png]
[nayonacademy.com/html/saasox/error.html]
[nayonacademy.com/html/saasox/assets/img/post-img-13.jpg]
[nayonacademy.com/html/saasox/assets/img/post-img-14.jpg]
[nayonacademy.com/html/saasox/assets/img/post-img-15.jpg]
[nayonacademy.com/html/saasox/assets/img/post-img-16.jpg]
[nayonacademy.com/html/saasox/assets/img/post-img-17.jpg]
[nayonacademy.com/html/saasox/blog.html]
[nayonacademy.com/html/saasox/blog-standard.html]
[nayonacademy.com/html/saasox/assets/img/post-img-18.jpg]
[nayonacademy.com/html/saasox/assets/img/post-img-10.jpg]
[nayonacademy.com/html/saasox/assets/img/post-img-11.jpg]
[nayonacademy.com/html/saasox/assets/img/post-img-12.jpg]
[nayonacademy.com/html/saasox/assets/img/icons/qote-3.svg]
[nayonacademy.com/html/saasox/assets/img/avatar-7.jpg]
[nayonacademy.com/html/saasox/assets/img/avatar-8.jpg]
[nayonacademy.com/html/saasox/blog-details.html]
[nayonacademy.com/html/saasox/assets/img/icons/call.svg]
[nayonacademy.com/html/saasox/assets/img/icons/email.svg]
[nayonacademy.com/html/saasox/assets/img/icons/location.svg]
[nayonacademy.com/html/saasox/assets/img/contact-img-1.jpg]
[nayonacademy.com/html/saasox/contact.html]
[nayonacademy.com/html/saasox/assets/img/hero-bg-3.svg]
[nayonacademy.com/html/saasox/assets/img/icons/star-1.svg]
[nayonacademy.com/html/saasox/assets/img/rectangle-shape.svg]
[nayonacademy.com/html/saasox/assets/img/spring-shape-3.svg]
[nayonacademy.com/html/saasox/assets/img/icons/star-4.svg]
[nayonacademy.com/html/saasox/assets/img/brand-11.svg]
[nayonacademy.com/html/saasox/assets/img/brand-12.svg]
[nayonacademy.com/html/saasox/assets/img/brand-13.svg]
[nayonacademy.com/html/saasox/assets/img/brand-14.svg]
[nayonacademy.com/html/saasox/assets/img/brand-15.svg]
[nayonacademy.com/html/saasox/assets/img/service-shape-2.svg]
[nayonacademy.com/html/saasox/assets/img/service-shape-1.svg]
[nayonacademy.com/html/saasox/assets/img/rating-bg-1.svg]
[nayonacademy.com/html/saasox/assets/img/rating-logo-1.svg]
[nayonacademy.com/html/saasox/assets/img/rating-logo-2.svg]
[nayonacademy.com/html/saasox/assets/img/rating-logo-3.svg]
[nayonacademy.com/html/saasox/assets/img/icons/safety.svg]
[nayonacademy.com/html/saasox/assets/img/icons/analytics-2.svg]
[nayonacademy.com/html/saasox/assets/img/icons/automation.svg]
[nayonacademy.com/html/saasox/assets/img/icons/easy-intinsive.svg]
[nayonacademy.com/html/saasox/assets/img/vector-11.svg]
[nayonacademy.com/html/saasox/assets/img/icons/html-5.svg]
[nayonacademy.com/html/saasox/assets/img/icons/js.svg]
[nayonacademy.com/html/saasox/assets/img/icons/nextjs.svg]
[nayonacademy.com/html/saasox/assets/img/icons/sass.svg]
[nayonacademy.com/html/saasox/assets/img/icons/dropbox.svg]
[nayonacademy.com/html/saasox/assets/img/icons/slack.svg]
[nayonacademy.com/html/saasox/assets/img/icons/css-3.svg]
[nayonacademy.com/html/saasox/assets/img/icons/mailchip.svg]
[nayonacademy.com/html/saasox/assets/img/icons/typescript.svg]
[nayonacademy.com/html/saasox/assets/img/icons/reactjs.svg]
[nayonacademy.com/html/saasox/assets/img/testimonial-bg-1.svg]
[nayonacademy.com/html/saasox/assets/img/icons/qote-2.svg]
[nayonacademy.com/html/saasox/assets/img/pricing-bg-1.svg]
[nayonacademy.com/html/saasox/yearly.html]
[nayonacademy.com/html/saasox/monthly.html]
[nayonacademy.com/html/saasox/assets/img/vector-12.svg]
[nayonacademy.com/html/saasox/assets/img/vector-13.svg]
[nayonacademy.com/html/saasox/assets/img/vector-14.svg]
[nayonacademy.com/html/saasox/assets/img/vector-15.svg]
[nayonacademy.com/html/saasox/assets/img/footer-bg-3.svg]
[nayonacademy.com/html/saasox/assets/js/jquery.min.js]
[nayonacademy.com/html/saasox/assets/js/wow.min.js]
[nayonacademy.com/html/saasox/assets/js/jquery.slick.min.js]
[nayonacademy.com/html/saasox/assets/js/isotope.pkgd.min.js]
[nayonacademy.com/html/saasox/assets/js/odometer.js]
[nayonacademy.com/html/saasox/assets/js/main.js]
[nayonacademy.com/html/saasox/assets/img/icons/arrow-left.svg]
[nayonacademy.com/html/saasox/assets/img/header-shape-2.svg]
[nayonacademy.com/html/saasox/assets/img/logo.svg]
[nayonacademy.com/html/saasox/assets/img/hero-shape-1.svg]
[nayonacademy.com/html/saasox/assets/img/hero-shape-2.svg]
[nayonacademy.com/html/saasox/assets/img/brand-6.svg]
[nayonacademy.com/html/saasox/assets/img/brand-7.svg]
[nayonacademy.com/html/saasox/assets/img/brand-8.svg]
[nayonacademy.com/html/saasox/assets/img/brand-9.svg]
[nayonacademy.com/html/saasox/assets/img/brand-10.svg]
[nayonacademy.com/html/saasox/assets/img/brand-1.svg]
[nayonacademy.com/html/saasox/assets/img/feature-item-bg.svg]
[nayonacademy.com/html/saasox/assets/img/icons/code-icon.svg]
[nayonacademy.com/html/saasox/assets/img/icons/caret-icon.svg]
[nayonacademy.com/html/saasox/assets/img/icons/cloud-computing.svg]
[nayonacademy.com/html/saasox/assets/img/icons/quality-assurance.svg]
[nayonacademy.com/html/saasox/assets/img/icons/security.svg]
[nayonacademy.com/html/saasox/assets/img/vector-7.svg]
[nayonacademy.com/html/saasox/assets/img/icons/home.svg]
[nayonacademy.com/html/saasox/assets/img/icons/products.svg]
[nayonacademy.com/html/saasox/assets/img/icons/analytics.svg]
[nayonacademy.com/html/saasox/assets/img/star-shape.svg]
[nayonacademy.com/html/saasox/assets/img/icons/advanced-tracking.svg]
[nayonacademy.com/html/saasox/assets/img/icons/in-depth.svg]
[nayonacademy.com/html/saasox/assets/img/whychoose-bg-1.svg]
[nayonacademy.com/html/saasox/assets/img/trash-group-2.svg]
[nayonacademy.com/html/saasox/assets/img/vector-8.svg]
[nayonacademy.com/html/saasox/assets/img/vector-9.svg]
[nayonacademy.com/html/saasox/assets/img/counter-bg-2.svg]
[nayonacademy.com/html/saasox/assets/img/vector-10.svg]
[nayonacademy.com/html/saasox/assets/img/icons/qote.svg]
[nayonacademy.com/html/saasox/assets/img/icons/linkedin.svg]
[nayonacademy.com/html/saasox/assets/img/icons/hubspot.svg]
[nayonacademy.com/html/saasox/assets/img/icons/whatsapp.svg]
[nayonacademy.com/html/saasox/assets/img/icons/discord.svg]
[nayonacademy.com/html/saasox/assets/img/icons/zoom.svg]
[nayonacademy.com/html/saasox/assets/img/icons/github.svg]
[nayonacademy.com/html/saasox/assets/img/icons/shopify.svg]
[nayonacademy.com/html/saasox/assets/img/icons/googledrive.svg]
[nayonacademy.com/html/saasox/assets/img/icons/notion.svg]
[nayonacademy.com/html/saasox/assets/img/footer-bg-2.svg]
[nayonacademy.com/html/saasox/assets/img/header-shape.svg]
[nayonacademy.com/html/saasox/assets/img/hero-bg-1.svg]
[nayonacademy.com/html/saasox/assets/img/icons/checkbox.svg]
[nayonacademy.com/html/saasox/assets/img/vector.svg]
[nayonacademy.com/html/saasox/assets/img/brand-2.svg]
[nayonacademy.com/html/saasox/assets/img/brand-3.svg]
[nayonacademy.com/html/saasox/assets/img/brand-4.svg]
[nayonacademy.com/html/saasox/assets/img/brand-5.svg]
[nayonacademy.com/html/saasox/assets/img/vector-2.svg]
[nayonacademy.com/html/saasox/assets/img/icons/adons.svg]
[nayonacademy.com/html/saasox/assets/img/icons/interface.svg]
[nayonacademy.com/html/saasox/assets/img/icons/fast-easy.svg]
[nayonacademy.com/html/saasox/assets/img/vector-3.svg]
[nayonacademy.com/html/saasox/assets/img/counter-bg-1.svg]
[nayonacademy.com/html/saasox/assets/img/testimonial-shape-1.svg]
[nayonacademy.com/html/saasox/assets/img/trash-group.svg]
[nayonacademy.com/html/saasox/assets/img/vector-4.svg]
[nayonacademy.com/html/saasox/assets/img/vector-5.svg]
[nayonacademy.com/html/saasox/assets/img/icons/free.svg]
[nayonacademy.com/html/saasox/assets/img/pricing-shape-1.svg]
[nayonacademy.com/html/saasox/assets/img/icons/dimond.svg]
[nayonacademy.com/html/saasox/assets/img/icons/crown.svg]
[nayonacademy.com/html/saasox/assets/img/vector-6.svg]
[nayonacademy.com/html/saasox/assets/img/cta-bg-1.svg]
[nayonacademy.com/html/saasox/assets/img/icons/star-3.svg]
[nayonacademy.com/html/saasox/assets/img/footer-bg-1.svg]
[nayonacademy.com/html/saasox/assets/img/icons/mail.svg]
[nayonacademy.com/html/saasox/assets/img/page-heading-bg.svg]
[nayonacademy.com/html/saasox/assets/img/icons/qote-3.svg]
[nayonacademy.com/html/saasox/assets/img/icons/call.svg]
[nayonacademy.com/html/saasox/assets/img/icons/email.svg]
[nayonacademy.com/html/saasox/assets/img/icons/location.svg]
